src/components/views/cv/__tests__/AdditionalSkillsSection.test.tsx(2,10): error TS6133: 'screen' is declared but its value is never read.
src/components/views/cv/__tests__/EducationSection.test.tsx(2,10): error TS6133: 'screen' is declared but its value is never read.
src/components/views/cv/__tests__/ExperienceSection.test.tsx(2,10): error TS6133: 'screen' is declared but its value is never read.
src/components/views/cv/__tests__/HeroSection.test.tsx(2,10): error TS6133: 'screen' is declared but its value is never read.
src/components/views/cv/__tests__/LanguagesSection.test.tsx(2,10): error TS6133: 'screen' is declared but its value is never read.
src/components/views/cv/__tests__/ObjectiveSection.test.tsx(2,10): error TS6133: 'screen' is declared but its value is never read.
src/components/views/cv/__tests__/SkillsSection.test.tsx(2,10): error TS6133: 'screen' is declared but its value is never read.
src/components/views/cv/__tests__/Typewriter.test.tsx(2,10): error TS6133: 'screen' is declared but its value is never read.
